// Jest Snapshot v1, https://goo.gl/fbAQLP

exports[`renders correctly 1`] = `
.c0 {
  position: absolute;
  top: 0;
  width: 100%;
  max-width: 390px;
}

.c1 {
  background-color: green;
  height: calc(100vh - 0px);
}

<div
  className="c0"
>
  <div
    className="c1"
  >
    Navigation Dropdown
  </div>
</div>
`;
